[0m20:30:39.795437 [debug] [MainThread]: Sending event: {'category': 'dbt', 'action': 'invocation', 'label': 'start', 'context': [<snowplow_tracker.self_describing_json.SelfDescribingJson object at 0x102ca7690>, <snowplow_tracker.self_describing_json.SelfDescribingJson object at 0x10627f550>, <snowplow_tracker.self_describing_json.SelfDescribingJson object at 0x10627fcd0>]}


============================== 20:30:39.798873 | fe14dd73-63e2-40b1-a307-a4dcfeb18a26 ==============================
[0m20:30:39.798873 [info ] [MainThread]: Running with dbt=1.9.4
[0m20:30:39.799302 [debug] [MainThread]: running dbt with arguments {'printer_width': '80', 'indirect_selection': 'eager', 'write_json': 'True', 'log_cache_events': 'False', 'partial_parse': 'True', 'cache_selected_only': 'False', 'profiles_dir': '/Users/gabrielalmeida/.dbt', 'fail_fast': 'False', 'debug': 'False', 'log_path': 'logs', 'warn_error': 'None', 'version_check': 'True', 'use_colors': 'True', 'use_experimental_parser': 'False', 'empty': 'None', 'quiet': 'False', 'no_print': 'None', 'log_format': 'default', 'invocation_command': 'dbt init dbt_olist', 'warn_error_options': 'WarnErrorOptions(include=[], exclude=[])', 'static_parser': 'True', 'target_path': 'None', 'introspect': 'True', 'send_anonymous_usage_stats': 'True'}
[0m20:30:39.808593 [warn ] [MainThread]: [ConfigFolderDirectory]: Unable to parse logging event dictionary. Failed to parse dir field: expected string or bytes-like object, got 'PosixPath'.. Dictionary: {'dir': PosixPath('/Users/gabrielalmeida/.dbt')}
[0m20:30:39.808841 [info ] [MainThread]: Creating dbt configuration folder at 
[0m20:30:39.809645 [debug] [MainThread]: Starter project path: /Users/gabrielalmeida/Desktop/dbt_curso/dbt/lib/python3.11/site-packages/dbt/include/starter_project
[0m20:30:39.813058 [info ] [MainThread]: 
Your new dbt project "dbt_olist" was created!

For more information on how to configure the profiles.yml file,
please consult the dbt documentation here:

  https://docs.getdbt.com/docs/configure-your-profile

One more thing:

Need help? Don't hesitate to reach out to us via GitHub issues or on Slack:

  https://community.getdbt.com/

Happy modeling!

[0m20:30:39.813252 [info ] [MainThread]: Setting up your profile.
[0m20:31:00.972189 [info ] [MainThread]: Profile dbt_olist written to /Users/gabrielalmeida/.dbt/profiles.yml using target's sample configuration. Once updated, you'll be able to start developing with dbt.
[0m20:31:01.001103 [debug] [MainThread]: Resource report: {"command_name": "init", "command_success": true, "command_wall_clock_time": 21.242018, "process_in_blocks": "0", "process_kernel_time": 0.160454, "process_mem_max_rss": "100892672", "process_out_blocks": "0", "process_user_time": 0.69217}
[0m20:31:01.001710 [debug] [MainThread]: Command `dbt init` succeeded at 20:31:01.001568 after 21.24 seconds
[0m20:31:01.002226 [debug] [MainThread]: Sending event: {'category': 'dbt', 'action': 'invocation', 'label': 'end', 'context': [<snowplow_tracker.self_describing_json.SelfDescribingJson object at 0x100dcbe90>, <snowplow_tracker.self_describing_json.SelfDescribingJson object at 0x10635d4d0>, <snowplow_tracker.self_describing_json.SelfDescribingJson object at 0x100e6c950>]}
[0m20:31:01.002590 [debug] [MainThread]: Flushing usage events
[0m20:31:01.810622 [debug] [MainThread]: An error was encountered while trying to flush usage events
[0m20:58:09.125565 [debug] [MainThread]: Sending event: {'category': 'dbt', 'action': 'invocation', 'label': 'start', 'context': [<snowplow_tracker.self_describing_json.SelfDescribingJson object at 0x1077a8310>, <snowplow_tracker.self_describing_json.SelfDescribingJson object at 0x1077d3a90>, <snowplow_tracker.self_describing_json.SelfDescribingJson object at 0x1077d3f90>]}


============================== 20:58:09.129255 | fcf88c01-751e-4cfb-8cd9-1abce2af1749 ==============================
[0m20:58:09.129255 [info ] [MainThread]: Running with dbt=1.9.4
[0m20:58:09.129599 [debug] [MainThread]: running dbt with arguments {'printer_width': '80', 'indirect_selection': 'eager', 'write_json': 'True', 'log_cache_events': 'False', 'partial_parse': 'True', 'cache_selected_only': 'False', 'warn_error': 'None', 'debug': 'False', 'profiles_dir': '/Users/gabrielalmeida/.dbt', 'log_path': 'logs', 'fail_fast': 'False', 'version_check': 'True', 'use_colors': 'True', 'use_experimental_parser': 'False', 'empty': 'None', 'quiet': 'False', 'no_print': 'None', 'warn_error_options': 'WarnErrorOptions(include=[], exclude=[])', 'introspect': 'True', 'log_format': 'default', 'static_parser': 'True', 'target_path': 'None', 'invocation_command': 'dbt init dbt_olist', 'send_anonymous_usage_stats': 'True'}
[0m20:58:09.139943 [info ] [MainThread]: A project called dbt_olist already exists here.
[0m20:58:09.142541 [debug] [MainThread]: Resource report: {"command_name": "init", "command_success": true, "command_wall_clock_time": 0.05336033, "process_in_blocks": "0", "process_kernel_time": 0.13758, "process_mem_max_rss": "100728832", "process_out_blocks": "0", "process_user_time": 0.598408}
[0m20:58:09.142795 [debug] [MainThread]: Command `dbt init` succeeded at 20:58:09.142742 after 0.05 seconds
[0m20:58:09.143016 [debug] [MainThread]: Sending event: {'category': 'dbt', 'action': 'invocation', 'label': 'end', 'context': [<snowplow_tracker.self_describing_json.SelfDescribingJson object at 0x1031f3e90>, <snowplow_tracker.self_describing_json.SelfDescribingJson object at 0x107653150>, <snowplow_tracker.self_describing_json.SelfDescribingJson object at 0x1077a90d0>]}
[0m20:58:09.143224 [debug] [MainThread]: Flushing usage events
[0m20:58:13.242769 [debug] [MainThread]: An error was encountered while trying to flush usage events
